{"items":[{"created_at":"2023-04-21T22:38:00.879Z","description":"","discount":30,"id":61,"image":"1.png","information":"","price":50,"title":"The Hare With Amber Eyes","updated_at":"2023-04-21T22:38:00.879Z"},{"created_at":"2023-04-21T22:38:00.879Z","description":"","discount":null,"id":62,"image":"2.png","information":"","price":60,"title":"The war of ","updated_at":"2023-04-21T22:38:00.879Z"},{"created_at":"2023-04-21T22:38:00.879Z","description":"","discount":30,"id":63,"image":"3.png","information":"","price":25,"title":"The Hare With Amber Eyes","updated_at":"2023-04-21T22:38:00.879Z"},{"created_at":"2023-04-21T22:38:00.879Z","description":"","discount":null,"id":64,"image":"4.png","information":"","price":80,"title":"The Immortals of Meluha","updated_at":"2023-04-21T22:38:00.879Z"},{"created_at":"2023-04-21T22:38:00.880Z","description":"","discount":null,"id":65,"image":"5.png","information":"","price":200,"title":"Life Is What You Make It","updated_at":"2023-04-21T22:38:00.880Z"},{"created_at":"2023-04-21T22:38:00.880Z","description":"","discount":null,"id":66,"image":"6.png","information":"","price":200,"title":"The Hare With Amber Eyes","updated_at":"2023-04-21T22:38:00.880Z"},{"created_at":"2023-04-21T22:38:00.880Z","description":"","discount":null,"id":67,"image":"7.png","information":"","price":150,"title":"The war of","updated_at":"2023-04-21T22:38:00.880Z"},{"created_at":"2023-04-21T22:38:00.880Z","description":"","discount":30,"id":68,"image":"8.png","information":"","price":100,"title":"","updated_at":"2023-04-21T22:38:00.880Z"},{"created_at":"2023-04-21T22:38:00.880Z","description":"","discount":null,"id":69,"image":"9.png","information":"","price":152,"title":"The Immortals of Meluha","updated_at":"2023-04-21T22:38:00.880Z"},{"created_at":"2023-04-21T22:38:00.880Z","description":"","discount":null,"id":70,"image":"10.png","information":"","price":200,"title":"Life Is What You Make It","updated_at":"2023-04-21T22:38:00.880Z"},{"created_at":"2023-04-21T22:38:00.880Z","description":"","discount":null,"id":71,"image":"11.png","information":"","price":220,"title":"The Hare With Amber Eyes","updated_at":"2023-04-21T22:38:00.880Z"},{"created_at":"2023-04-21T22:38:00.880Z","description":"","discount":null,"id":72,"image":"12.png","information":"","price":10,"title":"The war of ","updated_at":"2023-04-21T22:38:00.880Z"},{"created_at":"2023-04-21T22:38:00.880Z","description":"","discount":null,"id":73,"image":"13.png","information":"","price":22,"title":"The Hare With Amber Eyes","updated_at":"2023-04-21T22:38:00.880Z"},{"created_at":"2023-04-21T22:38:00.880Z","description":"","discount":30,"id":74,"image":"14.png","information":"","price":300,"title":"The Immortals of Meluha","updated_at":"2023-04-21T22:38:00.880Z"},{"created_at":"2023-04-21T22:38:00.880Z","description":"","discount":null,"id":75,"image":"15.png","information":"","price":205,"title":"Life Is What You Make It","updated_at":"2023-04-21T22:38:00.880Z"}],"level":"info"}
{"items":[{"created_at":"2023-04-21T22:42:10.464Z","description":"","discount":30,"id":1,"image":"1.png","information":"","price":50,"title":"The Hare With Amber Eyes","updated_at":"2023-04-21T22:42:10.464Z"},{"created_at":"2023-04-21T22:42:10.464Z","description":"","discount":null,"id":2,"image":"2.png","information":"","price":60,"title":"The war of ","updated_at":"2023-04-21T22:42:10.464Z"},{"created_at":"2023-04-21T22:42:10.464Z","description":"","discount":30,"id":3,"image":"3.png","information":"","price":25,"title":"The Hare With Amber Eyes","updated_at":"2023-04-21T22:42:10.464Z"},{"created_at":"2023-04-21T22:42:10.464Z","description":"","discount":null,"id":4,"image":"4.png","information":"","price":80,"title":"The Immortals of Meluha","updated_at":"2023-04-21T22:42:10.464Z"},{"created_at":"2023-04-21T22:42:10.464Z","description":"","discount":null,"id":5,"image":"5.png","information":"","price":200,"title":"Life Is What You Make It","updated_at":"2023-04-21T22:42:10.464Z"},{"created_at":"2023-04-21T22:42:10.464Z","description":"","discount":null,"id":6,"image":"6.png","information":"","price":200,"title":"The Hare With Amber Eyes","updated_at":"2023-04-21T22:42:10.464Z"},{"created_at":"2023-04-21T22:42:10.464Z","description":"","discount":null,"id":7,"image":"7.png","information":"","price":150,"title":"The war of","updated_at":"2023-04-21T22:42:10.464Z"},{"created_at":"2023-04-21T22:42:10.464Z","description":"","discount":30,"id":8,"image":"8.png","information":"","price":100,"title":"","updated_at":"2023-04-21T22:42:10.464Z"},{"created_at":"2023-04-21T22:42:10.464Z","description":"","discount":null,"id":9,"image":"9.png","information":"","price":152,"title":"The Immortals of Meluha","updated_at":"2023-04-21T22:42:10.464Z"},{"created_at":"2023-04-21T22:42:10.464Z","description":"","discount":null,"id":10,"image":"10.png","information":"","price":200,"title":"Life Is What You Make It","updated_at":"2023-04-21T22:42:10.464Z"},{"created_at":"2023-04-21T22:42:10.465Z","description":"","discount":null,"id":11,"image":"11.png","information":"","price":220,"title":"The Hare With Amber Eyes","updated_at":"2023-04-21T22:42:10.465Z"},{"created_at":"2023-04-21T22:42:10.465Z","description":"","discount":null,"id":12,"image":"12.png","information":"","price":10,"title":"The war of ","updated_at":"2023-04-21T22:42:10.465Z"},{"created_at":"2023-04-21T22:42:10.465Z","description":"","discount":null,"id":13,"image":"13.png","information":"","price":22,"title":"The Hare With Amber Eyes","updated_at":"2023-04-21T22:42:10.465Z"},{"created_at":"2023-04-21T22:42:10.465Z","description":"","discount":30,"id":14,"image":"14.png","information":"","price":300,"title":"The Immortals of Meluha","updated_at":"2023-04-21T22:42:10.465Z"},{"created_at":"2023-04-21T22:42:10.465Z","description":"","discount":null,"id":15,"image":"15.png","information":"","price":205,"title":"Life Is What You Make It","updated_at":"2023-04-21T22:42:10.465Z"}],"level":"info"}
{"items":[{"created_at":"2023-04-21T22:45:01.227Z","description":"","discount":30,"id":16,"image":"1.png","information":"","price":50,"title":"The Hare With Amber Eyes","updated_at":"2023-04-21T22:45:01.227Z"},{"created_at":"2023-04-21T22:45:01.228Z","description":"","discount":null,"id":17,"image":"2.png","information":"","price":60,"title":"The war of ","updated_at":"2023-04-21T22:45:01.228Z"},{"created_at":"2023-04-21T22:45:01.228Z","description":"","discount":30,"id":18,"image":"3.png","information":"","price":25,"title":"The Hare With Amber Eyes","updated_at":"2023-04-21T22:45:01.228Z"},{"created_at":"2023-04-21T22:45:01.228Z","description":"","discount":null,"id":19,"image":"4.png","information":"","price":80,"title":"The Immortals of Meluha","updated_at":"2023-04-21T22:45:01.228Z"},{"created_at":"2023-04-21T22:45:01.228Z","description":"","discount":null,"id":20,"image":"5.png","information":"","price":200,"title":"Life Is What You Make It","updated_at":"2023-04-21T22:45:01.228Z"},{"created_at":"2023-04-21T22:45:01.228Z","description":"","discount":null,"id":21,"image":"6.png","information":"","price":200,"title":"The Hare With Amber Eyes","updated_at":"2023-04-21T22:45:01.228Z"},{"created_at":"2023-04-21T22:45:01.228Z","description":"","discount":null,"id":22,"image":"7.png","information":"","price":150,"title":"The war of","updated_at":"2023-04-21T22:45:01.228Z"},{"created_at":"2023-04-21T22:45:01.228Z","description":"","discount":30,"id":23,"image":"8.png","information":"","price":100,"title":"","updated_at":"2023-04-21T22:45:01.228Z"},{"created_at":"2023-04-21T22:45:01.228Z","description":"","discount":null,"id":24,"image":"9.png","information":"","price":152,"title":"The Immortals of Meluha","updated_at":"2023-04-21T22:45:01.228Z"},{"created_at":"2023-04-21T22:45:01.228Z","description":"","discount":null,"id":25,"image":"10.png","information":"","price":200,"title":"Life Is What You Make It","updated_at":"2023-04-21T22:45:01.228Z"},{"created_at":"2023-04-21T22:45:01.228Z","description":"","discount":null,"id":26,"image":"11.png","information":"","price":220,"title":"The Hare With Amber Eyes","updated_at":"2023-04-21T22:45:01.228Z"},{"created_at":"2023-04-21T22:45:01.228Z","description":"","discount":null,"id":27,"image":"12.png","information":"","price":10,"title":"The war of ","updated_at":"2023-04-21T22:45:01.228Z"},{"created_at":"2023-04-21T22:45:01.228Z","description":"","discount":null,"id":28,"image":"13.png","information":"","price":22,"title":"The Hare With Amber Eyes","updated_at":"2023-04-21T22:45:01.228Z"},{"created_at":"2023-04-21T22:45:01.228Z","description":"","discount":30,"id":29,"image":"14.png","information":"","price":300,"title":"The Immortals of Meluha","updated_at":"2023-04-21T22:45:01.228Z"},{"created_at":"2023-04-21T22:45:01.228Z","description":"","discount":null,"id":30,"image":"15.png","information":"","price":205,"title":"Life Is What You Make It","updated_at":"2023-04-21T22:45:01.228Z"}],"level":"info"}
{"items":[{"created_at":"2023-04-21T22:46:13.773Z","description":"","discount":30,"id":31,"image":"1.png","information":"","price":50,"title":"The Hare With Amber Eyes","updated_at":"2023-04-21T22:46:13.773Z"},{"created_at":"2023-04-21T22:46:13.774Z","description":"","discount":null,"id":32,"image":"2.png","information":"","price":60,"title":"The war of ","updated_at":"2023-04-21T22:46:13.774Z"},{"created_at":"2023-04-21T22:46:13.774Z","description":"","discount":30,"id":33,"image":"3.png","information":"","price":25,"title":"The Hare With Amber Eyes","updated_at":"2023-04-21T22:46:13.774Z"},{"created_at":"2023-04-21T22:46:13.774Z","description":"","discount":null,"id":34,"image":"4.png","information":"","price":80,"title":"The Immortals of Meluha","updated_at":"2023-04-21T22:46:13.774Z"},{"created_at":"2023-04-21T22:46:13.774Z","description":"","discount":null,"id":35,"image":"5.png","information":"","price":200,"title":"Life Is What You Make It","updated_at":"2023-04-21T22:46:13.774Z"},{"created_at":"2023-04-21T22:46:13.774Z","description":"","discount":null,"id":36,"image":"6.png","information":"","price":200,"title":"The Hare With Amber Eyes","updated_at":"2023-04-21T22:46:13.774Z"},{"created_at":"2023-04-21T22:46:13.774Z","description":"","discount":null,"id":37,"image":"7.png","information":"","price":150,"title":"The war of","updated_at":"2023-04-21T22:46:13.774Z"},{"created_at":"2023-04-21T22:46:13.774Z","description":"","discount":30,"id":38,"image":"8.png","information":"","price":100,"title":"","updated_at":"2023-04-21T22:46:13.774Z"},{"created_at":"2023-04-21T22:46:13.774Z","description":"","discount":null,"id":39,"image":"9.png","information":"","price":152,"title":"The Immortals of Meluha","updated_at":"2023-04-21T22:46:13.774Z"},{"created_at":"2023-04-21T22:46:13.774Z","description":"","discount":null,"id":40,"image":"10.png","information":"","price":200,"title":"Life Is What You Make It","updated_at":"2023-04-21T22:46:13.774Z"},{"created_at":"2023-04-21T22:46:13.774Z","description":"","discount":null,"id":41,"image":"11.png","information":"","price":220,"title":"The Hare With Amber Eyes","updated_at":"2023-04-21T22:46:13.774Z"},{"created_at":"2023-04-21T22:46:13.774Z","description":"","discount":null,"id":42,"image":"12.png","information":"","price":10,"title":"The war of ","updated_at":"2023-04-21T22:46:13.774Z"},{"created_at":"2023-04-21T22:46:13.774Z","description":"","discount":null,"id":43,"image":"13.png","information":"","price":22,"title":"The Hare With Amber Eyes","updated_at":"2023-04-21T22:46:13.774Z"},{"created_at":"2023-04-21T22:46:13.774Z","description":"","discount":30,"id":44,"image":"14.png","information":"","price":300,"title":"The Immortals of Meluha","updated_at":"2023-04-21T22:46:13.774Z"},{"created_at":"2023-04-21T22:46:13.774Z","description":"","discount":null,"id":45,"image":"15.png","information":"","price":205,"title":"Life Is What You Make It","updated_at":"2023-04-21T22:46:13.774Z"}],"level":"info"}
{"items":[{"created_at":"2023-04-21T22:50:22.468Z","description":"","discount":30,"id":1,"image":"1.png","information":"","price":50,"title":"The Hare With Amber Eyes","updated_at":"2023-04-21T22:50:22.468Z"},{"created_at":"2023-04-21T22:50:22.468Z","description":"","discount":null,"id":2,"image":"2.png","information":"","price":60,"title":"The war of ","updated_at":"2023-04-21T22:50:22.468Z"},{"created_at":"2023-04-21T22:50:22.468Z","description":"","discount":30,"id":3,"image":"3.png","information":"","price":25,"title":"The Hare With Amber Eyes","updated_at":"2023-04-21T22:50:22.468Z"},{"created_at":"2023-04-21T22:50:22.468Z","description":"","discount":null,"id":4,"image":"4.png","information":"","price":80,"title":"The Immortals of Meluha","updated_at":"2023-04-21T22:50:22.468Z"},{"created_at":"2023-04-21T22:50:22.468Z","description":"","discount":null,"id":5,"image":"5.png","information":"","price":200,"title":"Life Is What You Make It","updated_at":"2023-04-21T22:50:22.468Z"},{"created_at":"2023-04-21T22:50:22.468Z","description":"","discount":null,"id":6,"image":"6.png","information":"","price":200,"title":"The Hare With Amber Eyes","updated_at":"2023-04-21T22:50:22.468Z"},{"created_at":"2023-04-21T22:50:22.469Z","description":"","discount":null,"id":7,"image":"7.png","information":"","price":150,"title":"The war of","updated_at":"2023-04-21T22:50:22.469Z"},{"created_at":"2023-04-21T22:50:22.469Z","description":"","discount":30,"id":8,"image":"8.png","information":"","price":100,"title":"","updated_at":"2023-04-21T22:50:22.469Z"},{"created_at":"2023-04-21T22:50:22.469Z","description":"","discount":null,"id":9,"image":"9.png","information":"","price":152,"title":"The Immortals of Meluha","updated_at":"2023-04-21T22:50:22.469Z"},{"created_at":"2023-04-21T22:50:22.469Z","description":"","discount":null,"id":10,"image":"10.png","information":"","price":200,"title":"Life Is What You Make It","updated_at":"2023-04-21T22:50:22.469Z"},{"created_at":"2023-04-21T22:50:22.469Z","description":"","discount":null,"id":11,"image":"11.png","information":"","price":220,"title":"The Hare With Amber Eyes","updated_at":"2023-04-21T22:50:22.469Z"},{"created_at":"2023-04-21T22:50:22.469Z","description":"","discount":null,"id":12,"image":"12.png","information":"","price":10,"title":"The war of ","updated_at":"2023-04-21T22:50:22.469Z"},{"created_at":"2023-04-21T22:50:22.469Z","description":"","discount":null,"id":13,"image":"13.png","information":"","price":22,"title":"The Hare With Amber Eyes","updated_at":"2023-04-21T22:50:22.469Z"},{"created_at":"2023-04-21T22:50:22.469Z","description":"","discount":30,"id":14,"image":"14.png","information":"","price":300,"title":"The Immortals of Meluha","updated_at":"2023-04-21T22:50:22.469Z"},{"created_at":"2023-04-21T22:50:22.469Z","description":"","discount":null,"id":15,"image":"15.png","information":"","price":205,"title":"Life Is What You Make It","updated_at":"2023-04-21T22:50:22.469Z"}],"level":"info"}
{"items":[{"created_at":"2023-04-21T22:51:21.723Z","description":"","discount":30,"id":16,"image":"1.png","information":"","price":50,"title":"The Hare With Amber Eyes","updated_at":"2023-04-21T22:51:21.723Z"},{"created_at":"2023-04-21T22:51:21.723Z","description":"","discount":null,"id":17,"image":"2.png","information":"","price":60,"title":"The war of ","updated_at":"2023-04-21T22:51:21.723Z"},{"created_at":"2023-04-21T22:51:21.723Z","description":"","discount":30,"id":18,"image":"3.png","information":"","price":25,"title":"The Hare With Amber Eyes","updated_at":"2023-04-21T22:51:21.723Z"},{"created_at":"2023-04-21T22:51:21.723Z","description":"","discount":null,"id":19,"image":"4.png","information":"","price":80,"title":"The Immortals of Meluha","updated_at":"2023-04-21T22:51:21.723Z"},{"created_at":"2023-04-21T22:51:21.723Z","description":"","discount":null,"id":20,"image":"5.png","information":"","price":200,"title":"Life Is What You Make It","updated_at":"2023-04-21T22:51:21.723Z"},{"created_at":"2023-04-21T22:51:21.724Z","description":"","discount":null,"id":21,"image":"6.png","information":"","price":200,"title":"The Hare With Amber Eyes","updated_at":"2023-04-21T22:51:21.724Z"},{"created_at":"2023-04-21T22:51:21.724Z","description":"","discount":null,"id":22,"image":"7.png","information":"","price":150,"title":"The war of","updated_at":"2023-04-21T22:51:21.724Z"},{"created_at":"2023-04-21T22:51:21.724Z","description":"","discount":30,"id":23,"image":"8.png","information":"","price":100,"title":"","updated_at":"2023-04-21T22:51:21.724Z"},{"created_at":"2023-04-21T22:51:21.724Z","description":"","discount":null,"id":24,"image":"9.png","information":"","price":152,"title":"The Immortals of Meluha","updated_at":"2023-04-21T22:51:21.724Z"},{"created_at":"2023-04-21T22:51:21.724Z","description":"","discount":null,"id":25,"image":"10.png","information":"","price":200,"title":"Life Is What You Make It","updated_at":"2023-04-21T22:51:21.724Z"},{"created_at":"2023-04-21T22:51:21.724Z","description":"","discount":null,"id":26,"image":"11.png","information":"","price":220,"title":"The Hare With Amber Eyes","updated_at":"2023-04-21T22:51:21.724Z"},{"created_at":"2023-04-21T22:51:21.724Z","description":"","discount":null,"id":27,"image":"12.png","information":"","price":10,"title":"The war of ","updated_at":"2023-04-21T22:51:21.724Z"},{"created_at":"2023-04-21T22:51:21.724Z","description":"","discount":null,"id":28,"image":"13.png","information":"","price":22,"title":"The Hare With Amber Eyes","updated_at":"2023-04-21T22:51:21.724Z"},{"created_at":"2023-04-21T22:51:21.724Z","description":"","discount":30,"id":29,"image":"14.png","information":"","price":300,"title":"The Immortals of Meluha","updated_at":"2023-04-21T22:51:21.724Z"},{"created_at":"2023-04-21T22:51:21.724Z","description":"","discount":null,"id":30,"image":"15.png","information":"","price":205,"title":"Life Is What You Make It","updated_at":"2023-04-21T22:51:21.724Z"}],"level":"info"}
